// Jest Snapshot v1, https://goo.gl/fbAQLP

exports[`test for home page 1`] = `
<RNCSafeAreaView
  edges={
    Array [
      "bottom",
      "left",
      "right",
      "top",
    ]
  }
  style={
    Object {
      "alignItems": "center",
      "display": "flex",
      "height": "100%",
      "justifyContent": "center",
      "paddingTop": "20px",
      "width": "100%",
    }
  }
>
  <RNCSafeAreaView
    edges={
      Array [
        "bottom",
        "left",
        "right",
        "top",
      ]
    }
    style={
      Object {
        "alignItems": "center",
        "display": "flex",
        "height": "100%",
        "justifyContent": "center",
        "paddingTop": "20px",
        "width": "100%",
      }
    }
  >
    <View
      style={
        Object {
          "alignItems": "center",
          "border": "1px solid blue",
          "borderRadius": 10,
          "boxShadow": "0 10px 0 0 solid gray",
          "display": "flex",
          "flexDirection": "column",
          "justifyContent": "center",
          "padding": "10px",
          "width": "80%",
        }
      }
    >
      <TextInput
        onChangeText={[Function]}
        placeholder="Enter Country"
        placeholderTextColor="gray"
        style={
          Object {
            "backgroundColor": "white",
            "borderColor": "gray",
            "borderRadius": 8,
            "height": "30px",
            "margin": "20px",
            "width": "100%",
          }
        }
        testID="textbox"
        value=""
      />
      <View
        accessibilityRole="button"
        accessibilityState={
          Object {
            "disabled": true,
          }
        }
        accessible={true}
        collapsable={false}
        focusable={true}
        onClick={[Function]}
        onResponderGrant={[Function]}
        onResponderMove={[Function]}
        onResponderRelease={[Function]}
        onResponderTerminate={[Function]}
        onResponderTerminationRequest={[Function]}
        onStartShouldSetResponder={[Function]}
        style={
          Object {
            "opacity": 1,
          }
        }
        testID="btn"
      >
        <View
          style={
            Array [
              Object {},
              Object {},
            ]
          }
        >
          <Text
            disabled={true}
            style={
              Array [
                Object {
                  "color": "#007AFF",
                  "fontSize": 18,
                  "margin": 8,
                  "textAlign": "center",
                },
                Object {
                  "color": "#cdcdcd",
                },
              ]
            }
          >
            Submit
          </Text>
        </View>
      </View>
    </View>
  </RNCSafeAreaView>
</RNCSafeAreaView>
`;
